// Jest Snapshot v1, https://goo.gl/fbAQLP

exports[`<InputFild /> tests should render as default button 1`] = `
<div
  class="mui-textfield"
>
  <input
    id="login"
    type="text"
    value=""
  />
  <label
    for="login"
  >
    Login:
  </label>
  <span
    class="errors"
  />
</div>
`;
